// Jest Snapshot v1, https://goo.gl/fbAQLP

exports[`Dogs should display all dogs 1`] = `
<div>
  <div>
    <div
      class="card-container"
    >
      <a
        href="/dogs/3"
      >
        <div
          class="dogcard"
        >
          <h1>
            Meet 
            Ciri
          </h1>
          <img
            class="card-image"
            src="https://placedog.net/1000/563?id=186"
          />
          <p>
            Ciri
             is a(n) 
            1
             year old 
            Shepard
          </p>
        </div>
      </a>
      <a
        href="/dogs/1"
      >
        <div
          class="dogcard"
        >
          <h1>
            Meet 
            Geralt
          </h1>
          <img
            class="card-image"
            src="https://placedog.net/1000/563?id=77"
          />
          <p>
            Geralt
             is a(n) 
            8
             year old 
            Husky
          </p>
        </div>
      </a>
      <a
        href="/dogs/2"
      >
        <div
          class="dogcard"
        >
          <h1>
            Meet 
            Yennefer
          </h1>
          <img
            class="card-image"
            src="https://placedog.net/1000/563?id=160"
          />
          <p>
            Yennefer
             is a(n) 
            10
             year old 
            Cocker-spaniel
          </p>
        </div>
      </a>
      <a
        href="/dogs/4"
      >
        <div
          class="dogcard"
        >
          <h1>
            Meet 
            Zach
          </h1>
          <img
            class="card-image"
            src="https://placedog.net/1000/563?id=118"
          />
          <p>
            Zach
             is a(n) 
            6
             year old 
            German Shepard
          </p>
        </div>
      </a>
    </div>
  </div>
</div>
`;
