// Jest Snapshot v1, https://goo.gl/fbAQLP

exports[`Edit should display Edit details 1`] = `
<div>
  <div>
    <div
      class="container"
    >
      <h1>
        Zach
      </h1>
      <img
        class="detail-image"
        src="https://placedog.net/1000/563?id=160"
      />
      <p>
        Zach
         is 
        a 10 year
         old 
        Cocker-spaniel
      </p>
      <p>
        Yennefer hasn't aged a day and is as quick as ever. Loses things and will spend all day looking for it. 
      </p>
      <div>
        <button>
          Edit
        </button>
        <button>
          Delete
        </button>
      </div>
    </div>
  </div>
</div>
`;
