// Jest Snapshot v1, https://goo.gl/fbAQLP

exports[`Dogs should display all dogs 1`] = `
<div>
  <div>
    <div
      class="editor"
    >
      <form>
        <div
          class="form-control"
        >
          <label>
            Name
          </label>
          <input
            placeholder="name"
            type="text"
            value=""
          />
        </div>
        <div
          class="form-control"
        >
          <label>
            Age
          </label>
          <input
            placeholder="age"
            type="text"
            value=""
          />
        </div>
        <div
          class="form-control"
        >
          <label>
            Image
          </label>
          <input
            placeholder="image"
            type="text"
            value=""
          />
          <div
            class="form-control"
          >
            <label>
              Bio
            </label>
            <textarea
              placeholder="bio"
            />
          </div>
          <div
            class="form-control"
          >
            <label>
              Breed
            </label>
            <input
              placeholder="breed"
              type="text"
              value=""
            />
          </div>
          <div
            class="submit-button"
          >
            <button>
              save
            </button>
          </div>
        </div>
      </form>
    </div>
  </div>
</div>
`;
